C:/Users/kepte/STM32CubeIDE/workspace_1.19.0/GPIO_IOToggle/Src/main.c:68:5:main	16	static
C:/Users/kepte/STM32CubeIDE/workspace_1.19.0/GPIO_IOToggle/Src/main.c:136:6:SystemClock_Config	120	static
C:/Users/kepte/STM32CubeIDE/workspace_1.19.0/GPIO_IOToggle/Src/main.c:193:13:MX_ICACHE_Init	8	static
C:/Users/kepte/STM32CubeIDE/workspace_1.19.0/GPIO_IOToggle/Src/main.c:221:13:MX_GPIO_Init	16	static
C:/Users/kepte/STM32CubeIDE/workspace_1.19.0/GPIO_IOToggle/Src/main.c:240:6:Error_Handler	4	static
